# serializer version: 1
# name: test_sensor[sensor.o_d-entry]
  EntityRegistryEntrySnapshot({
    'aliases': list([
      None,
    ]),
    'area_id': None,
    'capabilities': None,
    'config_entry_id': <ANY>,
    'config_subentry_id': <ANY>,
    'device_class': None,
    'device_id': <ANY>,
    'disabled_by': None,
    'domain': 'sensor',
    'entity_category': None,
    'entity_id': 'sensor.o_d',
    'has_entity_name': True,
    'hidden_by': None,
    'icon': None,
    'id': <ANY>,
    'labels': set({
    }),
    'name': None,
    'object_id_base': None,
    'options': dict({
    }),
    'original_device_class': <SensorDeviceClass.TIMESTAMP: 'timestamp'>,
    'original_icon': 'mdi:bus',
    'original_name': None,
    'platform': 'gtfs',
    'previous_unique_id': None,
    'suggested_object_id': None,
    'supported_features': 0,
    'translation_key': None,
    'unique_id': '01JBXP0X0000000000000GTFS0',
    'unit_of_measurement': None,
  })
# ---
# name: test_sensor[sensor.o_d-state]
  StateSnapshot({
    'attributes': ReadOnlyDict({
      'agency_agency_email': 'None',
      'agency_agency_fare_url': 'None',
      'agency_agency_id': 'A1',
      'agency_agency_lang': 'None',
      'agency_agency_name': 'Test Agency',
      'agency_agency_phone': '+1-555-0100',
      'agency_agency_timezone': 'America/Los_Angeles',
      'agency_agency_url': 'https://example.com',
      'arrival': '2024-08-01T16:00:00+00:00',
      <EntityStateAttribute.ATTRIBUTION: 'attribution'>: 'Test Agency',
      'day': 'today',
      'destination_station_location_type': '1',
      'destination_station_location_type_name': 'Stop',
      'destination_station_parent_station': 'None',
      'destination_station_platform_code': 'None',
      'destination_station_stop_code': 'None',
      'destination_station_stop_desc': 'None',
      'destination_station_stop_id': 'D',
      'destination_station_stop_lat': '2.0',
      'destination_station_stop_lon': '2.0',
      'destination_station_stop_name': 'Destination Station',
      'destination_station_stop_timezone': 'None',
      'destination_station_stop_url': 'None',
      'destination_station_wheelchair_boarding': '1',
      'destination_station_wheelchair_boarding_available': True,
      'destination_station_zone_id': 'None',
      'destination_stop_arrival_time': '2024-08-01 09:00:00',
      'destination_stop_departure_time': '2024-08-01 09:00:00',
      'destination_stop_drop_off_type': 0,
      'destination_stop_drop_off_type_state': 'Regular',
      'destination_stop_pickup_type': 0,
      'destination_stop_pickup_type_state': 'Regular',
      'destination_stop_sequence': 2,
      'destination_stop_timepoint': 1,
      'destination_stop_timepoint_exact': True,
      <EntityStateAttribute.DEVICE_CLASS: 'device_class'>: 'timestamp',
      'first': True,
      <EntityStateAttribute.FRIENDLY_NAME: 'friendly_name'>: 'O → D',
      <EntityStateAttribute.ICON: 'icon'>: 'mdi:bus',
      'last': True,
      'offset': 0,
      'origin_station_location_type': '1',
      'origin_station_location_type_name': 'Stop',
      'origin_station_parent_station': 'None',
      'origin_station_platform_code': 'None',
      'origin_station_stop_code': 'None',
      'origin_station_stop_desc': 'None',
      'origin_station_stop_id': 'O',
      'origin_station_stop_lat': '1.0',
      'origin_station_stop_lon': '1.0',
      'origin_station_stop_name': 'Origin Station',
      'origin_station_stop_timezone': 'None',
      'origin_station_stop_url': 'None',
      'origin_station_wheelchair_boarding': '1',
      'origin_station_wheelchair_boarding_available': True,
      'origin_station_zone_id': 'None',
      'origin_stop_arrival_time': '2024-08-01 08:30:00',
      'origin_stop_departure_time': '2024-08-01 08:30:00',
      'origin_stop_drop_off_type': 0,
      'origin_stop_drop_off_type_state': 'Regular',
      'origin_stop_pickup_type': 0,
      'origin_stop_pickup_type_state': 'Regular',
      'origin_stop_sequence': 1,
      'origin_stop_timepoint': 1,
      'origin_stop_timepoint_exact': True,
      'route_agency_id': 'A1',
      'route_route_color': 'None',
      'route_route_desc': 'None',
      'route_route_id': 'R1',
      'route_route_long_name': 'Test Route',
      'route_route_short_name': '1',
      'route_route_text_color': 'None',
      'route_route_type': '3',
      'route_route_url': 'None',
      'route_type_name': 'Bus',
      'trip_bikes_allowed': '1',
      'trip_bikes_allowed_state': True,
      'trip_block_id': 'None',
      'trip_direction_id': 'None',
      'trip_route_id': 'R1',
      'trip_service_id': 'S1',
      'trip_shape_id': 'None',
      'trip_trip_headsign': 'To Destination',
      'trip_trip_id': 'T1',
      'trip_trip_short_name': 'None',
      'trip_wheelchair_access_available': True,
      'trip_wheelchair_accessible': '1',
    }),
    'context': <ANY>,
    'entity_id': 'sensor.o_d',
    'last_changed': <ANY>,
    'last_reported': <ANY>,
    'last_updated': <ANY>,
    'state': '2024-08-01T15:30:00+00:00',
  })
# ---
